// Jest Snapshot v1, https://goo.gl/fbAQLP

exports[`MenuButton renders correctly 1`] = `
<View
  accessibilityComponentType={undefined}
  accessibilityLabel={undefined}
  accessibilityTraits={undefined}
  accessible={true}
  hitSlop={undefined}
  isTVSelectable={true}
  onLayout={undefined}
  onResponderGrant={[Function]}
  onResponderMove={[Function]}
  onResponderRelease={[Function]}
  onResponderTerminate={[Function]}
  onResponderTerminationRequest={[Function]}
  onStartShouldSetResponder={[Function]}
  style={
    Object {
      "opacity": 1,
      "padding": 5,
    }
  }
  testID={undefined}
  tvParallaxProperties={undefined}
>
  <Text
    accessible={true}
    allowFontScaling={false}
    ellipsizeMode="tail"
    style={
      Array [
        Object {
          "color": undefined,
          "fontSize": 24,
        },
        undefined,
        Object {
          "fontFamily": "EvilIcons",
          "fontStyle": "normal",
          "fontWeight": "normal",
        },
      ]
    }
  >
    ï„ 
  </Text>
</View>
`;
