// Jest Snapshot v1, https://goo.gl/fbAQLP

exports[`Button renders correctly 1`] = `
<View
  accessibilityComponentType={undefined}
  accessibilityLabel={undefined}
  accessibilityTraits={undefined}
  accessible={true}
  hasTVPreferredFocus={undefined}
  hitSlop={undefined}
  isTVSelectable={true}
  onLayout={undefined}
  onResponderGrant={[Function]}
  onResponderMove={[Function]}
  onResponderRelease={[Function]}
  onResponderTerminate={[Function]}
  onResponderTerminationRequest={[Function]}
  onStartShouldSetResponder={[Function]}
  style={
    Array [
      Object {
        "backgroundColor": "transparent",
      },
      undefined,
    ]
  }
  testID={undefined}
  tvParallaxProperties={undefined}
>
  <View
    style={
      Array [
        Object {
          "alignItems": "center",
          "backgroundColor": "#9E9E9E",
          "flexDirection": "row",
          "justifyContent": "center",
          "marginLeft": 15,
          "marginRight": 15,
          "padding": 19,
        },
        undefined,
        undefined,
        undefined,
        undefined,
        undefined,
        undefined,
        undefined,
        undefined,
        Object {
          "padding": 12,
        },
        Array [
          Object {
            "alignItems": "center",
            "borderRadius": 3,
            "padding": 5,
          },
          undefined,
        ],
        undefined,
        undefined,
      ]
    }
  >
    <Text
      accessible={true}
      allowFontScaling={true}
      ellipsizeMode="tail"
      style={
        Array [
          Object {
            "fontFamily": undefined,
          },
          undefined,
          undefined,
          undefined,
          undefined,
          undefined,
          undefined,
          undefined,
          undefined,
          undefined,
          Array [
            Object {
              "color": "white",
              "fontSize": 20,
            },
            undefined,
            Object {
              "fontSize": 17.5,
            },
            undefined,
            undefined,
            undefined,
            undefined,
          ],
        ]
      }
    />
  </View>
</View>
`;
