// Jest Snapshot v1, https://goo.gl/fbAQLP

exports[`Menu renders correctly 1`] = `
<View
  onLayout={[Function]}
  style={
    Object {
      "alignItems": "center",
      "flex": 1,
      "justifyContent": "center",
    }
  }
>
  <View
    elevation={0}
    onMoveShouldSetResponder={[Function]}
    onMoveShouldSetResponderCapture={[Function]}
    onResponderEnd={[Function]}
    onResponderGrant={[Function]}
    onResponderMove={[Function]}
    onResponderReject={[Function]}
    onResponderRelease={[Function]}
    onResponderStart={[Function]}
    onResponderTerminate={[Function]}
    onResponderTerminationRequest={[Function]}
    onStartShouldSetResponder={[Function]}
    onStartShouldSetResponderCapture={[Function]}
    style={
      Array [
        Object {
          "borderWidth": 0,
          "left": -603,
          "position": "absolute",
          "shadowColor": "#000",
          "shadowOpacity": 0.8,
          "shadowRadius": 3,
          "top": 0,
        },
        Object {
          "height": 1334,
          "width": 600,
        },
      ]
    }
  >
    <View
      style={
        Object {
          "backgroundColor": "white",
          "flex": 1,
          "padding": 10,
        }
      }
    >
      <Text
        accessible={true}
        allowFontScaling={true}
        ellipsizeMode="tail"
        style={
          Object {
            "fontSize": 25,
            "fontWeight": "bold",
            "marginBottom": 20,
          }
        }
      >
        Menu
      </Text>
      <View
        style={
          Object {
            "flex": 0,
            "flexDirection": "column",
            "justifyContent": "flex-start",
          }
        }
      >
        <View
          accessibilityComponentType={undefined}
          accessibilityLabel={undefined}
          accessibilityTraits={undefined}
          accessible={true}
          hitSlop={undefined}
          isTVSelectable={true}
          onLayout={undefined}
          onResponderGrant={[Function]}
          onResponderMove={[Function]}
          onResponderRelease={[Function]}
          onResponderTerminate={[Function]}
          onResponderTerminationRequest={[Function]}
          onStartShouldSetResponder={[Function]}
          style={
            Object {
              "marginBottom": 5,
              "opacity": 1,
            }
          }
          testID={undefined}
          tvParallaxProperties={undefined}
        >
          <Text
            accessible={true}
            allowFontScaling={true}
            ellipsizeMode="tail"
            style={
              Object {
                "fontSize": 20,
              }
            }
          >
            p1
          </Text>
        </View>
      </View>
    </View>
    <View
      pointerEvents="auto"
      style={
        Array [
          Object {
            "backgroundColor": "transparent",
            "bottom": 0,
            "left": 0,
            "position": "absolute",
            "right": 0,
            "top": 0,
          },
          Object {},
        ]
      }
    />
  </View>
  <View
    onMoveShouldSetResponder={[Function]}
    onMoveShouldSetResponderCapture={[Function]}
    onResponderEnd={[Function]}
    onResponderGrant={[Function]}
    onResponderMove={[Function]}
    onResponderReject={[Function]}
    onResponderRelease={[Function]}
    onResponderStart={[Function]}
    onResponderTerminate={[Function]}
    onResponderTerminationRequest={[Function]}
    onStartShouldSetResponder={[Function]}
    onStartShouldSetResponderCapture={[Function]}
    style={
      Array [
        Object {
          "borderWidth": 0,
          "left": -3,
          "paddingLeft": 3,
          "position": "absolute",
          "top": 0,
        },
        Object {
          "height": 1334,
          "width": 753,
        },
      ]
    }
  >
    <Text
      accessible={true}
      allowFontScaling={true}
      ellipsizeMode="tail"
    >
      OK
    </Text>
    <View
      pointerEvents="none"
      style={
        Array [
          Object {
            "backgroundColor": "transparent",
            "bottom": 0,
            "left": 0,
            "position": "absolute",
            "right": 0,
            "top": 0,
          },
          Object {},
        ]
      }
    />
  </View>
</View>
`;
